C51 COMPILER V8.15   MAIN                                                                  07/30/2011 09:30:43 PAGE 1   


C51 COMPILER V8.15, COMPILATION OF MODULE MAIN
OBJECT MODULE PLACED IN Main.OBJ
COMPILER INVOKED BY: C:\Keil\C51\BIN\C51.EXE Main.c BROWSE DEBUG OBJECTEXTEND

line level    source

   1          /////////////////////////////////////
   2          //Project       : Digital Clock
   3          //Author        : ThoPhi
   4          //MCU           : 89v51rb2      (BKIT89)
   5          //
   6          //
   7          /////////////////////////////////////
   8          #include <reg51f.h>
   9          void init()
  10          {
  11   1              P0 = 0;
  12   1              P1 = 0;
  13   1              P2 = 0;
  14   1              P3 = 0; 
  15   1      }
  16          void main()
  17          {
  18   1              init();
  19   1      
  20   1              while(1);
  21   1      }


MODULE INFORMATION:   STATIC OVERLAYABLE
   CODE SIZE        =     15    ----
   CONSTANT SIZE    =   ----    ----
   XDATA SIZE       =   ----    ----
   PDATA SIZE       =   ----    ----
   DATA SIZE        =   ----    ----
   IDATA SIZE       =   ----    ----
   BIT SIZE         =   ----    ----
END OF MODULE INFORMATION.


C51 COMPILATION COMPLETE.  0 WARNING(S),  0 ERROR(S)
